------------------------------------------------------------
Timing Analyzer Summary
------------------------------------------------------------

Type  : Slow 1200mV 85C Model Setup 'Camera|u6|altpll_component|auto_generated|pll1|clk[0]'
Slack : 1.911
TNS   : 0.000

Type  : Slow 1200mV 85C Model Setup 'Camera|u6|altpll_component|auto_generated|pll1|clk[4]'
Slack : 7.653
TNS   : 0.000

Type  : Slow 1200mV 85C Model Setup 'CLOCK2_50'
Slack : 15.021
TNS   : 0.000

Type  : Slow 1200mV 85C Model Hold 'Camera|u6|altpll_component|auto_generated|pll1|clk[0]'
Slack : 0.301
TNS   : 0.000

Type  : Slow 1200mV 85C Model Hold 'Camera|u6|altpll_component|auto_generated|pll1|clk[4]'
Slack : 0.385
TNS   : 0.000

Type  : Slow 1200mV 85C Model Hold 'CLOCK2_50'
Slack : 0.402
TNS   : 0.000

Type  : Slow 1200mV 85C Model Recovery 'Camera|u6|altpll_component|auto_generated|pll1|clk[4]'
Slack : -3.763
TNS   : -375.133

Type  : Slow 1200mV 85C Model Recovery 'Camera|u6|altpll_component|auto_generated|pll1|clk[0]'
Slack : 3.121
TNS   : 0.000

Type  : Slow 1200mV 85C Model Recovery 'CLOCK2_50'
Slack : 11.219
TNS   : 0.000

Type  : Slow 1200mV 85C Model Removal 'CLOCK2_50'
Slack : 1.458
TNS   : 0.000

Type  : Slow 1200mV 85C Model Removal 'Camera|u6|altpll_component|auto_generated|pll1|clk[4]'
Slack : 5.067
TNS   : 0.000

Type  : Slow 1200mV 85C Model Removal 'Camera|u6|altpll_component|auto_generated|pll1|clk[0]'
Slack : 5.093
TNS   : 0.000

Type  : Slow 1200mV 85C Model Minimum Pulse Width 'Camera|u6|altpll_component|auto_generated|pll1|clk[0]'
Slack : 4.688
TNS   : 0.000

Type  : Slow 1200mV 85C Model Minimum Pulse Width 'CLOCK2_50'
Slack : 9.685
TNS   : 0.000

Type  : Slow 1200mV 85C Model Minimum Pulse Width 'Camera|u6|altpll_component|auto_generated|pll1|clk[4]'
Slack : 12.188
TNS   : 0.000

Type  : Slow 1200mV 85C Model Minimum Pulse Width 'CLOCK3_50'
Slack : 16.000
TNS   : 0.000

Type  : Slow 1200mV 85C Model Minimum Pulse Width 'CLOCK_50'
Slack : 16.000
TNS   : 0.000

Type  : Slow 1200mV 0C Model Setup 'Camera|u6|altpll_component|auto_generated|pll1|clk[0]'
Slack : 2.641
TNS   : 0.000

Type  : Slow 1200mV 0C Model Setup 'Camera|u6|altpll_component|auto_generated|pll1|clk[4]'
Slack : 8.159
TNS   : 0.000

Type  : Slow 1200mV 0C Model Setup 'CLOCK2_50'
Slack : 15.420
TNS   : 0.000

Type  : Slow 1200mV 0C Model Hold 'Camera|u6|altpll_component|auto_generated|pll1|clk[0]'
Slack : 0.300
TNS   : 0.000

Type  : Slow 1200mV 0C Model Hold 'Camera|u6|altpll_component|auto_generated|pll1|clk[4]'
Slack : 0.338
TNS   : 0.000

Type  : Slow 1200mV 0C Model Hold 'CLOCK2_50'
Slack : 0.353
TNS   : 0.000

Type  : Slow 1200mV 0C Model Recovery 'Camera|u6|altpll_component|auto_generated|pll1|clk[4]'
Slack : -3.045
TNS   : -252.576

Type  : Slow 1200mV 0C Model Recovery 'Camera|u6|altpll_component|auto_generated|pll1|clk[0]'
Slack : 3.904
TNS   : 0.000

Type  : Slow 1200mV 0C Model Recovery 'CLOCK2_50'
Slack : 11.933
TNS   : 0.000

Type  : Slow 1200mV 0C Model Removal 'CLOCK2_50'
Slack : 1.278
TNS   : 0.000

Type  : Slow 1200mV 0C Model Removal 'Camera|u6|altpll_component|auto_generated|pll1|clk[4]'
Slack : 4.449
TNS   : 0.000

Type  : Slow 1200mV 0C Model Removal 'Camera|u6|altpll_component|auto_generated|pll1|clk[0]'
Slack : 4.476
TNS   : 0.000

Type  : Slow 1200mV 0C Model Minimum Pulse Width 'Camera|u6|altpll_component|auto_generated|pll1|clk[0]'
Slack : 4.681
TNS   : 0.000

Type  : Slow 1200mV 0C Model Minimum Pulse Width 'CLOCK2_50'
Slack : 9.653
TNS   : 0.000

Type  : Slow 1200mV 0C Model Minimum Pulse Width 'Camera|u6|altpll_component|auto_generated|pll1|clk[4]'
Slack : 12.181
TNS   : 0.000

Type  : Slow 1200mV 0C Model Minimum Pulse Width 'CLOCK3_50'
Slack : 16.000
TNS   : 0.000

Type  : Slow 1200mV 0C Model Minimum Pulse Width 'CLOCK_50'
Slack : 16.000
TNS   : 0.000

Type  : Fast 1200mV 0C Model Setup 'Camera|u6|altpll_component|auto_generated|pll1|clk[0]'
Slack : 5.719
TNS   : 0.000

Type  : Fast 1200mV 0C Model Setup 'Camera|u6|altpll_component|auto_generated|pll1|clk[4]'
Slack : 10.011
TNS   : 0.000

Type  : Fast 1200mV 0C Model Setup 'CLOCK2_50'
Slack : 17.481
TNS   : 0.000

Type  : Fast 1200mV 0C Model Hold 'Camera|u6|altpll_component|auto_generated|pll1|clk[0]'
Slack : 0.101
TNS   : 0.000

Type  : Fast 1200mV 0C Model Hold 'Camera|u6|altpll_component|auto_generated|pll1|clk[4]'
Slack : 0.171
TNS   : 0.000

Type  : Fast 1200mV 0C Model Hold 'CLOCK2_50'
Slack : 0.181
TNS   : 0.000

Type  : Fast 1200mV 0C Model Recovery 'Camera|u6|altpll_component|auto_generated|pll1|clk[4]'
Slack : -0.904
TNS   : -50.054

Type  : Fast 1200mV 0C Model Recovery 'Camera|u6|altpll_component|auto_generated|pll1|clk[0]'
Slack : 6.280
TNS   : 0.000

Type  : Fast 1200mV 0C Model Recovery 'CLOCK2_50'
Slack : 15.252
TNS   : 0.000

Type  : Fast 1200mV 0C Model Removal 'CLOCK2_50'
Slack : 0.617
TNS   : 0.000

Type  : Fast 1200mV 0C Model Removal 'Camera|u6|altpll_component|auto_generated|pll1|clk[4]'
Slack : 2.708
TNS   : 0.000

Type  : Fast 1200mV 0C Model Removal 'Camera|u6|altpll_component|auto_generated|pll1|clk[0]'
Slack : 2.725
TNS   : 0.000

Type  : Fast 1200mV 0C Model Minimum Pulse Width 'Camera|u6|altpll_component|auto_generated|pll1|clk[0]'
Slack : 4.757
TNS   : 0.000

Type  : Fast 1200mV 0C Model Minimum Pulse Width 'CLOCK2_50'
Slack : 9.272
TNS   : 0.000

Type  : Fast 1200mV 0C Model Minimum Pulse Width 'Camera|u6|altpll_component|auto_generated|pll1|clk[4]'
Slack : 12.255
TNS   : 0.000

Type  : Fast 1200mV 0C Model Minimum Pulse Width 'CLOCK3_50'
Slack : 16.000
TNS   : 0.000

Type  : Fast 1200mV 0C Model Minimum Pulse Width 'CLOCK_50'
Slack : 16.000
TNS   : 0.000

------------------------------------------------------------
