Analysis & Synthesis report for Number_reco
Tue May 05 15:59:32 2020
Quartus Prime Version 18.1.0 Build 625 09/12/2018 SJ Lite Edition


---------------------
; Table of Contents ;
---------------------
  1. Legal Notice
  2. Analysis & Synthesis Summary
  3. Analysis & Synthesis Settings
  4. Parallel Compilation
  5. Analysis & Synthesis Source Files Read
  6. Analysis & Synthesis Resource Usage Summary
  7. Analysis & Synthesis Resource Utilization by Entity
  8. Analysis & Synthesis DSP Block Usage Summary
  9. General Register Statistics
 10. Parameter Settings for Inferred Entity Instance: lpm_mult:Mult0
 11. lpm_mult Parameter Settings by Entity Instance
 12. Post-Synthesis Netlist Statistics for Top Partition
 13. Elapsed Time Per Partition
 14. Analysis & Synthesis Messages
 15. Analysis & Synthesis Suppressed Messages



----------------
; Legal Notice ;
----------------
Copyright (C) 2018  Intel Corporation. All rights reserved.
Your use of Intel Corporation's design tools, logic functions 
and other software and tools, and its AMPP partner logic 
functions, and any output files from any of the foregoing 
(including device programming or simulation files), and any 
associated documentation or information are expressly subject 
to the terms and conditions of the Intel Program License 
Subscription Agreement, the Intel Quartus Prime License Agreement,
the Intel FPGA IP License Agreement, or other applicable license
agreement, including, without limitation, that your use is for
the sole purpose of programming logic devices manufactured by
Intel and sold by Intel or its authorized distributors.  Please
refer to the applicable agreement for further details.



+----------------------------------------------------------------------------------+
; Analysis & Synthesis Summary                                                     ;
+------------------------------------+---------------------------------------------+
; Analysis & Synthesis Status        ; Successful - Tue May 05 15:59:32 2020       ;
; Quartus Prime Version              ; 18.1.0 Build 625 09/12/2018 SJ Lite Edition ;
; Revision Name                      ; Number_reco                                 ;
; Top-level Entity Name              ; multiplier                                  ;
; Family                             ; Cyclone IV E                                ;
; Total logic elements               ; 95                                          ;
;     Total combinational functions  ; 95                                          ;
;     Dedicated logic registers      ; 0                                           ;
; Total registers                    ; 0                                           ;
; Total pins                         ; 96                                          ;
; Total virtual pins                 ; 0                                           ;
; Total memory bits                  ; 0                                           ;
; Embedded Multiplier 9-bit elements ; 7                                           ;
; Total PLLs                         ; 0                                           ;
+------------------------------------+---------------------------------------------+


+------------------------------------------------------------------------------------------------------------+
; Analysis & Synthesis Settings                                                                              ;
+------------------------------------------------------------------+--------------------+--------------------+
; Option                                                           ; Setting            ; Default Value      ;
+------------------------------------------------------------------+--------------------+--------------------+
; Device                                                           ; EP4CE115F29C7      ;                    ;
; Top-level entity name                                            ; multiplier         ; Number_reco        ;
; Family name                                                      ; Cyclone IV E       ; Cyclone V          ;
; Verilog Show LMF Mapping Messages                                ; Off                ;                    ;
; Verilog Version                                                  ; SystemVerilog_2005 ; Verilog_2001       ;
; Use smart compilation                                            ; Off                ; Off                ;
; Enable parallel Assembler and Timing Analyzer during compilation ; On                 ; On                 ;
; Enable compact report table                                      ; Off                ; Off                ;
; Restructure Multiplexers                                         ; Auto               ; Auto               ;
; Create Debugging Nodes for IP Cores                              ; Off                ; Off                ;
; Preserve fewer node names                                        ; On                 ; On                 ;
; Intel FPGA IP Evaluation Mode                                    ; Enable             ; Enable             ;
; VHDL Version                                                     ; VHDL_1993          ; VHDL_1993          ;
; State Machine Processing                                         ; Auto               ; Auto               ;
; Safe State Machine                                               ; Off                ; Off                ;
; Extract Verilog State Machines                                   ; On                 ; On                 ;
; Extract VHDL State Machines                                      ; On                 ; On                 ;
; Ignore Verilog initial constructs                                ; Off                ; Off                ;
; Iteration limit for constant Verilog loops                       ; 5000               ; 5000               ;
; Iteration limit for non-constant Verilog loops                   ; 250                ; 250                ;
; Add Pass-Through Logic to Inferred RAMs                          ; On                 ; On                 ;
; Infer RAMs from Raw Logic                                        ; On                 ; On                 ;
; Parallel Synthesis                                               ; On                 ; On                 ;
; DSP Block Balancing                                              ; Auto               ; Auto               ;
; NOT Gate Push-Back                                               ; On                 ; On                 ;
; Power-Up Don't Care                                              ; On                 ; On                 ;
; Remove Redundant Logic Cells                                     ; Off                ; Off                ;
; Remove Duplicate Registers                                       ; On                 ; On                 ;
; Ignore CARRY Buffers                                             ; Off                ; Off                ;
; Ignore CASCADE Buffers                                           ; Off                ; Off                ;
; Ignore GLOBAL Buffers                                            ; Off                ; Off                ;
; Ignore ROW GLOBAL Buffers                                        ; Off                ; Off                ;
; Ignore LCELL Buffers                                             ; Off                ; Off                ;
; Ignore SOFT Buffers                                              ; On                 ; On                 ;
; Limit AHDL Integers to 32 Bits                                   ; Off                ; Off                ;
; Optimization Technique                                           ; Balanced           ; Balanced           ;
; Carry Chain Length                                               ; 70                 ; 70                 ;
; Auto Carry Chains                                                ; On                 ; On                 ;
; Auto Open-Drain Pins                                             ; On                 ; On                 ;
; Perform WYSIWYG Primitive Resynthesis                            ; Off                ; Off                ;
; Auto ROM Replacement                                             ; On                 ; On                 ;
; Auto RAM Replacement                                             ; On                 ; On                 ;
; Auto DSP Block Replacement                                       ; On                 ; On                 ;
; Auto Shift Register Replacement                                  ; Auto               ; Auto               ;
; Allow Shift Register Merging across Hierarchies                  ; Auto               ; Auto               ;
; Auto Clock Enable Replacement                                    ; On                 ; On                 ;
; Strict RAM Replacement                                           ; Off                ; Off                ;
; Allow Synchronous Control Signals                                ; On                 ; On                 ;
; Force Use of Synchronous Clear Signals                           ; Off                ; Off                ;
; Auto RAM Block Balancing                                         ; On                 ; On                 ;
; Auto RAM to Logic Cell Conversion                                ; Off                ; Off                ;
; Auto Resource Sharing                                            ; Off                ; Off                ;
; Allow Any RAM Size For Recognition                               ; Off                ; Off                ;
; Allow Any ROM Size For Recognition                               ; Off                ; Off                ;
; Allow Any Shift Register Size For Recognition                    ; Off                ; Off                ;
; Use LogicLock Constraints during Resource Balancing              ; On                 ; On                 ;
; Ignore translate_off and synthesis_off directives                ; Off                ; Off                ;
; Timing-Driven Synthesis                                          ; On                 ; On                 ;
; Report Parameter Settings                                        ; On                 ; On                 ;
; Report Source Assignments                                        ; On                 ; On                 ;
; Report Connectivity Checks                                       ; On                 ; On                 ;
; Ignore Maximum Fan-Out Assignments                               ; Off                ; Off                ;
; Synchronization Register Chain Length                            ; 2                  ; 2                  ;
; Power Optimization During Synthesis                              ; Normal compilation ; Normal compilation ;
; HDL message level                                                ; Level2             ; Level2             ;
; Suppress Register Optimization Related Messages                  ; Off                ; Off                ;
; Number of Removed Registers Reported in Synthesis Report         ; 5000               ; 5000               ;
; Number of Swept Nodes Reported in Synthesis Report               ; 5000               ; 5000               ;
; Number of Inverted Registers Reported in Synthesis Report        ; 100                ; 100                ;
; Clock MUX Protection                                             ; On                 ; On                 ;
; Auto Gated Clock Conversion                                      ; Off                ; Off                ;
; Block Design Naming                                              ; Auto               ; Auto               ;
; SDC constraint protection                                        ; Off                ; Off                ;
; Synthesis Effort                                                 ; Auto               ; Auto               ;
; Shift Register Replacement - Allow Asynchronous Clear Signal     ; On                 ; On                 ;
; Pre-Mapping Resynthesis Optimization                             ; Off                ; Off                ;
; Analysis & Synthesis Message Level                               ; Medium             ; Medium             ;
; Disable Register Merging Across Hierarchies                      ; Auto               ; Auto               ;
; Resource Aware Inference For Block RAM                           ; On                 ; On                 ;
+------------------------------------------------------------------+--------------------+--------------------+


+------------------------------------------+
; Parallel Compilation                     ;
+----------------------------+-------------+
; Processors                 ; Number      ;
+----------------------------+-------------+
; Number detected on machine ; 4           ;
; Maximum allowed            ; 2           ;
;                            ;             ;
; Average used               ; 1.00        ;
; Maximum used               ; 1           ;
;                            ;             ;
; Usage by Processor         ; % Time Used ;
;     Processor 1            ; 100.0%      ;
+----------------------------+-------------+


+----------------------------------------------------------------------------------------------------------------------------------------------------------------------+
; Analysis & Synthesis Source Files Read                                                                                                                               ;
+----------------------------------+-----------------+------------------------------+------------------------------------------------------------------------+---------+
; File Name with User-Entered Path ; Used in Netlist ; File Type                    ; File Name with Absolute Path                                           ; Library ;
+----------------------------------+-----------------+------------------------------+------------------------------------------------------------------------+---------+
; nn/multiplier.sv                 ; yes             ; User SystemVerilog HDL File  ; C:/intelFPGA_lite/18.1/ECE385/FINAL_PROJECT/nn/multiplier.sv           ;         ;
; lpm_mult.tdf                     ; yes             ; Megafunction                 ; c:/intelfpga_lite/18.1/quartus/libraries/megafunctions/lpm_mult.tdf    ;         ;
; aglobal181.inc                   ; yes             ; Megafunction                 ; c:/intelfpga_lite/18.1/quartus/libraries/megafunctions/aglobal181.inc  ;         ;
; lpm_add_sub.inc                  ; yes             ; Megafunction                 ; c:/intelfpga_lite/18.1/quartus/libraries/megafunctions/lpm_add_sub.inc ;         ;
; multcore.inc                     ; yes             ; Megafunction                 ; c:/intelfpga_lite/18.1/quartus/libraries/megafunctions/multcore.inc    ;         ;
; bypassff.inc                     ; yes             ; Megafunction                 ; c:/intelfpga_lite/18.1/quartus/libraries/megafunctions/bypassff.inc    ;         ;
; altshift.inc                     ; yes             ; Megafunction                 ; c:/intelfpga_lite/18.1/quartus/libraries/megafunctions/altshift.inc    ;         ;
; db/mult_bdt.tdf                  ; yes             ; Auto-Generated Megafunction  ; C:/intelFPGA_lite/18.1/ECE385/FINAL_PROJECT/db/mult_bdt.tdf            ;         ;
+----------------------------------+-----------------+------------------------------+------------------------------------------------------------------------+---------+


+-----------------------------------------------------------------------------------------------+
; Analysis & Synthesis Resource Usage Summary                                                   ;
+---------------------------------------------+-------------------------------------------------+
; Resource                                    ; Usage                                           ;
+---------------------------------------------+-------------------------------------------------+
; Estimated Total logic elements              ; 95                                              ;
;                                             ;                                                 ;
; Total combinational functions               ; 95                                              ;
; Logic element usage by number of LUT inputs ;                                                 ;
;     -- 4 input functions                    ; 0                                               ;
;     -- 3 input functions                    ; 80                                              ;
;     -- <=2 input functions                  ; 15                                              ;
;                                             ;                                                 ;
; Logic elements by mode                      ;                                                 ;
;     -- normal mode                          ; 28                                              ;
;     -- arithmetic mode                      ; 67                                              ;
;                                             ;                                                 ;
; Total registers                             ; 0                                               ;
;     -- Dedicated logic registers            ; 0                                               ;
;     -- I/O registers                        ; 0                                               ;
;                                             ;                                                 ;
; I/O pins                                    ; 96                                              ;
;                                             ;                                                 ;
; Embedded Multiplier 9-bit elements          ; 7                                               ;
;                                             ;                                                 ;
; Maximum fan-out node                        ; lpm_mult:Mult0|mult_bdt:auto_generated|mac_out4 ;
; Maximum fan-out                             ; 24                                              ;
; Total fan-out                               ; 490                                             ;
; Average fan-out                             ; 1.66                                            ;
+---------------------------------------------+-------------------------------------------------+


+----------------------------------------------------------------------------------------------------------------------------------------------------------------------------------------------------------------------------------------------+
; Analysis & Synthesis Resource Utilization by Entity                                                                                                                                                                                          ;
+---------------------------------+---------------------+---------------------------+-------------+--------------+---------+-----------+------+--------------+----------------------------------------------------+-------------+--------------+
; Compilation Hierarchy Node      ; Combinational ALUTs ; Dedicated Logic Registers ; Memory Bits ; DSP Elements ; DSP 9x9 ; DSP 18x18 ; Pins ; Virtual Pins ; Full Hierarchy Name                                ; Entity Name ; Library Name ;
+---------------------------------+---------------------+---------------------------+-------------+--------------+---------+-----------+------+--------------+----------------------------------------------------+-------------+--------------+
; |multiplier                     ; 95 (40)             ; 0 (0)                     ; 0           ; 7            ; 1       ; 3         ; 96   ; 0            ; |multiplier                                        ; multiplier  ; work         ;
;    |lpm_mult:Mult0|             ; 55 (0)              ; 0 (0)                     ; 0           ; 7            ; 1       ; 3         ; 0    ; 0            ; |multiplier|lpm_mult:Mult0                         ; lpm_mult    ; work         ;
;       |mult_bdt:auto_generated| ; 55 (55)             ; 0 (0)                     ; 0           ; 7            ; 1       ; 3         ; 0    ; 0            ; |multiplier|lpm_mult:Mult0|mult_bdt:auto_generated ; mult_bdt    ; work         ;
+---------------------------------+---------------------+---------------------------+-------------+--------------+---------+-----------+------+--------------+----------------------------------------------------+-------------+--------------+
Note: For table entries with two numbers listed, the numbers in parentheses indicate the number of resources of the given type used by the specific entity alone. The numbers listed outside of parentheses indicate the total resources of the given type used by the specific entity and all of its sub-entities in the hierarchy.


+-----------------------------------------------------+
; Analysis & Synthesis DSP Block Usage Summary        ;
+---------------------------------------+-------------+
; Statistic                             ; Number Used ;
+---------------------------------------+-------------+
; Simple Multipliers (9-bit)            ; 1           ;
; Simple Multipliers (18-bit)           ; 3           ;
; Embedded Multiplier Blocks            ; --          ;
; Embedded Multiplier 9-bit elements    ; 7           ;
; Signed Embedded Multipliers           ; 0           ;
; Unsigned Embedded Multipliers         ; 4           ;
; Mixed Sign Embedded Multipliers       ; 0           ;
; Variable Sign Embedded Multipliers    ; 0           ;
; Dedicated Input Shift Register Chains ; 0           ;
+---------------------------------------+-------------+
Note: number of Embedded Multiplier Blocks used is only available after a successful fit.


+------------------------------------------------------+
; General Register Statistics                          ;
+----------------------------------------------+-------+
; Statistic                                    ; Value ;
+----------------------------------------------+-------+
; Total registers                              ; 0     ;
; Number of registers using Synchronous Clear  ; 0     ;
; Number of registers using Synchronous Load   ; 0     ;
; Number of registers using Asynchronous Clear ; 0     ;
; Number of registers using Asynchronous Load  ; 0     ;
; Number of registers using Clock Enable       ; 0     ;
; Number of registers using Preset             ; 0     ;
+----------------------------------------------+-------+


+-------------------------------------------------------------------------------------+
; Parameter Settings for Inferred Entity Instance: lpm_mult:Mult0                     ;
+------------------------------------------------+--------------+---------------------+
; Parameter Name                                 ; Value        ; Type                ;
+------------------------------------------------+--------------+---------------------+
; AUTO_CARRY_CHAINS                              ; ON           ; AUTO_CARRY          ;
; IGNORE_CARRY_BUFFERS                           ; OFF          ; IGNORE_CARRY        ;
; AUTO_CASCADE_CHAINS                            ; ON           ; AUTO_CASCADE        ;
; IGNORE_CASCADE_BUFFERS                         ; OFF          ; IGNORE_CASCADE      ;
; LPM_WIDTHA                                     ; 24           ; Untyped             ;
; LPM_WIDTHB                                     ; 24           ; Untyped             ;
; LPM_WIDTHP                                     ; 48           ; Untyped             ;
; LPM_WIDTHR                                     ; 48           ; Untyped             ;
; LPM_WIDTHS                                     ; 1            ; Untyped             ;
; LPM_REPRESENTATION                             ; UNSIGNED     ; Untyped             ;
; LPM_PIPELINE                                   ; 0            ; Untyped             ;
; LATENCY                                        ; 0            ; Untyped             ;
; INPUT_A_IS_CONSTANT                            ; NO           ; Untyped             ;
; INPUT_B_IS_CONSTANT                            ; NO           ; Untyped             ;
; USE_EAB                                        ; OFF          ; Untyped             ;
; MAXIMIZE_SPEED                                 ; 5            ; Untyped             ;
; DEVICE_FAMILY                                  ; Cyclone IV E ; Untyped             ;
; CARRY_CHAIN                                    ; MANUAL       ; Untyped             ;
; APEX20K_TECHNOLOGY_MAPPER                      ; LUT          ; TECH_MAPPER_APEX20K ;
; DEDICATED_MULTIPLIER_CIRCUITRY                 ; AUTO         ; Untyped             ;
; DEDICATED_MULTIPLIER_MIN_INPUT_WIDTH_FOR_AUTO  ; 0            ; Untyped             ;
; DEDICATED_MULTIPLIER_MIN_OUTPUT_WIDTH_FOR_AUTO ; 0            ; Untyped             ;
; CBXI_PARAMETER                                 ; mult_bdt     ; Untyped             ;
; INPUT_A_FIXED_VALUE                            ; Bx           ; Untyped             ;
; INPUT_B_FIXED_VALUE                            ; Bx           ; Untyped             ;
; USE_AHDL_IMPLEMENTATION                        ; OFF          ; Untyped             ;
+------------------------------------------------+--------------+---------------------+
Note: In order to hide this table in the UI and the text report file, please set the "Show Parameter Settings in Synthesis Report" option in "Analysis and Synthesis Settings -> More Settings" to "Off".


+--------------------------------------------------------+
; lpm_mult Parameter Settings by Entity Instance         ;
+---------------------------------------+----------------+
; Name                                  ; Value          ;
+---------------------------------------+----------------+
; Number of entity instances            ; 1              ;
; Entity Instance                       ; lpm_mult:Mult0 ;
;     -- LPM_WIDTHA                     ; 24             ;
;     -- LPM_WIDTHB                     ; 24             ;
;     -- LPM_WIDTHP                     ; 48             ;
;     -- LPM_REPRESENTATION             ; UNSIGNED       ;
;     -- INPUT_A_IS_CONSTANT            ; NO             ;
;     -- INPUT_B_IS_CONSTANT            ; NO             ;
;     -- USE_EAB                        ; OFF            ;
;     -- DEDICATED_MULTIPLIER_CIRCUITRY ; AUTO           ;
;     -- INPUT_A_FIXED_VALUE            ; Bx             ;
;     -- INPUT_B_FIXED_VALUE            ; Bx             ;
+---------------------------------------+----------------+


+-----------------------------------------------------+
; Post-Synthesis Netlist Statistics for Top Partition ;
+-----------------------+-----------------------------+
; Type                  ; Count                       ;
+-----------------------+-----------------------------+
; boundary_port         ; 96                          ;
; cycloneiii_lcell_comb ; 95                          ;
;     arith             ; 67                          ;
;         2 data inputs ; 10                          ;
;         3 data inputs ; 57                          ;
;     normal            ; 28                          ;
;         0 data inputs ; 1                           ;
;         1 data inputs ; 2                           ;
;         2 data inputs ; 2                           ;
;         3 data inputs ; 23                          ;
; cycloneiii_mac_mult   ; 4                           ;
; cycloneiii_mac_out    ; 4                           ;
;                       ;                             ;
; Max LUT depth         ; 6.60                        ;
; Average LUT depth     ; 3.37                        ;
+-----------------------+-----------------------------+


+-------------------------------+
; Elapsed Time Per Partition    ;
+----------------+--------------+
; Partition Name ; Elapsed Time ;
+----------------+--------------+
; Top            ; 00:00:00     ;
+----------------+--------------+


+-------------------------------+
; Analysis & Synthesis Messages ;
+-------------------------------+
Info: *******************************************************************
Info: Running Quartus Prime Analysis & Synthesis
    Info: Version 18.1.0 Build 625 09/12/2018 SJ Lite Edition
    Info: Processing started: Tue May 05 15:59:13 2020
Info: Command: quartus_map --read_settings_files=on --write_settings_files=off Number_reco -c Number_reco
Warning (18236): Number of processors has not been specified which may cause overloading on shared machines.  Set the global assignment NUM_PARALLEL_PROCESSORS in your QSF to an appropriate value for best performance.
Info (20030): Parallel compilation is enabled and will use 2 of the 2 processors detected
Info (12021): Found 1 design units, including 1 entities, in source file nn/multiplier.sv
    Info (12023): Found entity 1: multiplier File: C:/intelFPGA_lite/18.1/ECE385/FINAL_PROJECT/nn/multiplier.sv Line: 4
Info (12021): Found 1 design units, including 1 entities, in source file src/font_rom.sv
    Info (12023): Found entity 1: font_rom File: C:/intelFPGA_lite/18.1/ECE385/FINAL_PROJECT/src/font_rom.sv Line: 1
Info (12021): Found 1 design units, including 1 entities, in source file src/ocmbuffer.sv
    Info (12023): Found entity 1: OCMbuffer File: C:/intelFPGA_lite/18.1/ECE385/FINAL_PROJECT/src/OCMbuffer.sv Line: 1
Info (12021): Found 1 design units, including 1 entities, in source file src/avgresizer.sv
    Info (12023): Found entity 1: AvgResizer File: C:/intelFPGA_lite/18.1/ECE385/FINAL_PROJECT/src/AvgResizer.sv Line: 3
Info (12021): Found 1 design units, including 1 entities, in source file src/resizerfile.sv
    Info (12023): Found entity 1: ResizerFile File: C:/intelFPGA_lite/18.1/ECE385/FINAL_PROJECT/src/ResizerFile.sv Line: 1
Info (12021): Found 1 design units, including 1 entities, in source file src/rgb2grey.sv
    Info (12023): Found entity 1: RGB2Grey File: C:/intelFPGA_lite/18.1/ECE385/FINAL_PROJECT/src/RGB2Grey.sv Line: 1
Info (12021): Found 1 design units, including 1 entities, in source file src/snipper.sv
    Info (12023): Found entity 1: Snipper File: C:/intelFPGA_lite/18.1/ECE385/FINAL_PROJECT/src/Snipper.sv Line: 2
Info (12021): Found 1 design units, including 1 entities, in source file final_toplevel.sv
    Info (12023): Found entity 1: Final_toplevel File: C:/intelFPGA_lite/18.1/ECE385/FINAL_PROJECT/Final_toplevel.sv Line: 1
Info (12021): Found 1 design units, including 1 entities, in source file ip/sdram_fifo_wr.v
    Info (12023): Found entity 1: SDRAM_FIFO_WR File: C:/intelFPGA_lite/18.1/ECE385/FINAL_PROJECT/IP/SDRAM_FIFO_WR.v Line: 1
Info (12021): Found 1 design units, including 1 entities, in source file sdram_control/sdram_wr_fifo.v
    Info (12023): Found entity 1: Sdram_WR_FIFO File: C:/intelFPGA_lite/18.1/ECE385/FINAL_PROJECT/Sdram_Control/Sdram_WR_FIFO.v Line: 39
Info (12021): Found 1 design units, including 1 entities, in source file sdram_control/sdram_rd_fifo.v
    Info (12023): Found entity 1: Sdram_RD_FIFO File: C:/intelFPGA_lite/18.1/ECE385/FINAL_PROJECT/Sdram_Control/Sdram_RD_FIFO.v Line: 39
Info (12021): Found 1 design units, including 1 entities, in source file sdram_control/sdram_control.v
    Info (12023): Found entity 1: Sdram_Control File: C:/intelFPGA_lite/18.1/ECE385/FINAL_PROJECT/Sdram_Control/Sdram_Control.v Line: 37
Warning (10229): Verilog HDL Expression warning at sdr_data_path.v(68): truncated literal to match 1 bits File: C:/intelFPGA_lite/18.1/ECE385/FINAL_PROJECT/Sdram_Control/sdr_data_path.v Line: 68
Info (12021): Found 1 design units, including 1 entities, in source file sdram_control/sdr_data_path.v
    Info (12023): Found entity 1: sdr_data_path File: C:/intelFPGA_lite/18.1/ECE385/FINAL_PROJECT/Sdram_Control/sdr_data_path.v Line: 43
Info (12021): Found 1 design units, including 1 entities, in source file sdram_control/control_interface.v
    Info (12023): Found entity 1: control_interface File: C:/intelFPGA_lite/18.1/ECE385/FINAL_PROJECT/Sdram_Control/control_interface.v Line: 43
Info (12021): Found 1 design units, including 1 entities, in source file sdram_control/command.v
    Info (12023): Found entity 1: command File: C:/intelFPGA_lite/18.1/ECE385/FINAL_PROJECT/Sdram_Control/command.v Line: 43
Info (12021): Found 1 design units, including 1 entities, in source file src/vga_controller.v
    Info (12023): Found entity 1: VGA_Controller File: C:/intelFPGA_lite/18.1/ECE385/FINAL_PROJECT/src/VGA_Controller.v Line: 43
Info (12021): Found 1 design units, including 1 entities, in source file src/seg7_lut_8.v
    Info (12023): Found entity 1: SEG7_LUT_8 File: C:/intelFPGA_lite/18.1/ECE385/FINAL_PROJECT/src/SEG7_LUT_8.v Line: 43
Info (12021): Found 1 design units, including 1 entities, in source file src/seg7_lut.v
    Info (12023): Found entity 1: SEG7_LUT File: C:/intelFPGA_lite/18.1/ECE385/FINAL_PROJECT/src/SEG7_LUT.v Line: 43
Info (12021): Found 1 design units, including 1 entities, in source file src/sdram_pll.v
    Info (12023): Found entity 1: sdram_pll File: C:/intelFPGA_lite/18.1/ECE385/FINAL_PROJECT/src/sdram_pll.v Line: 40
Info (12021): Found 1 design units, including 1 entities, in source file src/reset_delay.v
    Info (12023): Found entity 1: Reset_Delay File: C:/intelFPGA_lite/18.1/ECE385/FINAL_PROJECT/src/Reset_Delay.v Line: 43
Info (12021): Found 1 design units, including 1 entities, in source file src/raw2rgb.v
    Info (12023): Found entity 1: RAW2RGB File: C:/intelFPGA_lite/18.1/ECE385/FINAL_PROJECT/src/RAW2RGB.v Line: 42
Info (12021): Found 1 design units, including 1 entities, in source file src/line_buffer1.v
    Info (12023): Found entity 1: Line_Buffer1 File: C:/intelFPGA_lite/18.1/ECE385/FINAL_PROJECT/src/Line_Buffer1.v Line: 40
Info (12021): Found 1 design units, including 1 entities, in source file src/line_buffer.v
    Info (12023): Found entity 1: Line_Buffer File: C:/intelFPGA_lite/18.1/ECE385/FINAL_PROJECT/src/Line_Buffer.v Line: 39
Info (12021): Found 1 design units, including 1 entities, in source file src/i2c_controller.v
    Info (12023): Found entity 1: I2C_Controller File: C:/intelFPGA_lite/18.1/ECE385/FINAL_PROJECT/src/I2C_Controller.v Line: 42
Info (12021): Found 1 design units, including 1 entities, in source file src/i2c_ccd_config.v
    Info (12023): Found entity 1: I2C_CCD_Config File: C:/intelFPGA_lite/18.1/ECE385/FINAL_PROJECT/src/I2C_CCD_Config.v Line: 42
Info (12021): Found 1 design units, including 1 entities, in source file src/de2_115_camera.v
    Info (12023): Found entity 1: DE2_115_CAMERA File: C:/intelFPGA_lite/18.1/ECE385/FINAL_PROJECT/src/DE2_115_CAMERA.v Line: 48
Info (12021): Found 1 design units, including 1 entities, in source file src/ccd_capture.v
    Info (12023): Found entity 1: CCD_Capture File: C:/intelFPGA_lite/18.1/ECE385/FINAL_PROJECT/src/CCD_Capture.v Line: 42
Info (12021): Found 1 design units, including 1 entities, in source file ip/sdram_fifo_rd.v
    Info (12023): Found entity 1: SDRAM_FIFO_RD File: C:/intelFPGA_lite/18.1/ECE385/FINAL_PROJECT/IP/SDRAM_FIFO_RD.v Line: 1
Info (12021): Found 1 design units, including 1 entities, in source file src/testbench.sv
    Info (12023): Found entity 1: testbench File: C:/intelFPGA_lite/18.1/ECE385/FINAL_PROJECT/src/testbench.sv Line: 1
Info (12021): Found 1 design units, including 1 entities, in source file src/disp_testbench.sv
    Info (12023): Found entity 1: disp_testbench File: C:/intelFPGA_lite/18.1/ECE385/FINAL_PROJECT/src/disp_testbench.sv Line: 1
Info (12021): Found 1 design units, including 1 entities, in source file src/w1.sv
    Info (12023): Found entity 1: weight_mat_w1 File: C:/intelFPGA_lite/18.1/ECE385/FINAL_PROJECT/src/w1.sv Line: 1
Info (12021): Found 1 design units, including 1 entities, in source file src/w2.sv
    Info (12023): Found entity 1: weight_mat_w2 File: C:/intelFPGA_lite/18.1/ECE385/FINAL_PROJECT/src/w2.sv Line: 1
Info (12021): Found 1 design units, including 1 entities, in source file src/w3.sv
    Info (12023): Found entity 1: weight_mat_w3 File: C:/intelFPGA_lite/18.1/ECE385/FINAL_PROJECT/src/w3.sv Line: 1
Info (12021): Found 1 design units, including 1 entities, in source file src/b1.sv
    Info (12023): Found entity 1: weight_mat_b1 File: C:/intelFPGA_lite/18.1/ECE385/FINAL_PROJECT/src/b1.sv Line: 1
Info (12021): Found 1 design units, including 1 entities, in source file src/b2.sv
    Info (12023): Found entity 1: weight_mat_b2 File: C:/intelFPGA_lite/18.1/ECE385/FINAL_PROJECT/src/b2.sv Line: 1
Info (12021): Found 1 design units, including 1 entities, in source file src/b3.sv
    Info (12023): Found entity 1: weight_mat_b3 File: C:/intelFPGA_lite/18.1/ECE385/FINAL_PROJECT/src/b3.sv Line: 1
Info (12021): Found 1 design units, including 1 entities, in source file testbench/nntestbench.sv
    Info (12023): Found entity 1: nntestbench File: C:/intelFPGA_lite/18.1/ECE385/FINAL_PROJECT/testbench/nntestbench.sv Line: 1
Warning (10236): Verilog HDL Implicit Net warning at DE2_115_CAMERA.v(231): created implicit net for "VGA_CTRL_CLK" File: C:/intelFPGA_lite/18.1/ECE385/FINAL_PROJECT/src/DE2_115_CAMERA.v Line: 231
Warning (10236): Verilog HDL Implicit Net warning at DE2_115_CAMERA.v(233): created implicit net for "LEDR" File: C:/intelFPGA_lite/18.1/ECE385/FINAL_PROJECT/src/DE2_115_CAMERA.v Line: 233
Warning (10236): Verilog HDL Implicit Net warning at DE2_115_CAMERA.v(234): created implicit net for "LEDG" File: C:/intelFPGA_lite/18.1/ECE385/FINAL_PROJECT/src/DE2_115_CAMERA.v Line: 234
Info (12127): Elaborating entity "multiplier" for the top level hierarchy
Warning (10230): Verilog HDL assignment warning at multiplier.sv(23): truncated value with size 32 to match size of target (9) File: C:/intelFPGA_lite/18.1/ECE385/FINAL_PROJECT/nn/multiplier.sv Line: 23
Info (278001): Inferred 1 megafunctions from design logic
    Info (278003): Inferred multiplier megafunction ("lpm_mult") from the following logic: "Mult0" File: C:/intelFPGA_lite/18.1/ECE385/FINAL_PROJECT/nn/multiplier.sv Line: 22
Info (12130): Elaborated megafunction instantiation "lpm_mult:Mult0" File: C:/intelFPGA_lite/18.1/ECE385/FINAL_PROJECT/nn/multiplier.sv Line: 22
Info (12133): Instantiated megafunction "lpm_mult:Mult0" with the following parameter: File: C:/intelFPGA_lite/18.1/ECE385/FINAL_PROJECT/nn/multiplier.sv Line: 22
    Info (12134): Parameter "LPM_WIDTHA" = "24"
    Info (12134): Parameter "LPM_WIDTHB" = "24"
    Info (12134): Parameter "LPM_WIDTHP" = "48"
    Info (12134): Parameter "LPM_WIDTHR" = "48"
    Info (12134): Parameter "LPM_WIDTHS" = "1"
    Info (12134): Parameter "LPM_REPRESENTATION" = "UNSIGNED"
    Info (12134): Parameter "INPUT_A_IS_CONSTANT" = "NO"
    Info (12134): Parameter "INPUT_B_IS_CONSTANT" = "NO"
    Info (12134): Parameter "MAXIMIZE_SPEED" = "5"
Info (12021): Found 1 design units, including 1 entities, in source file db/mult_bdt.tdf
    Info (12023): Found entity 1: mult_bdt File: C:/intelFPGA_lite/18.1/ECE385/FINAL_PROJECT/db/mult_bdt.tdf Line: 30
Info (13014): Ignored 153 buffer(s)
    Info (13019): Ignored 153 SOFT buffer(s)
Info (286030): Timing-Driven Synthesis is running
Info (144001): Generated suppressed messages file C:/intelFPGA_lite/18.1/ECE385/FINAL_PROJECT/Number_reco.map.smsg
Info (16010): Generating hard_block partition "hard_block:auto_generated_inst"
    Info (16011): Adding 0 node(s), including 0 DDIO, 0 PLL, 0 transceiver and 0 LCELL
Info (21057): Implemented 198 device resources after synthesis - the final resource count might be different
    Info (21058): Implemented 64 input pins
    Info (21059): Implemented 32 output pins
    Info (21061): Implemented 95 logic cells
    Info (21062): Implemented 7 DSP elements
Info: Quartus Prime Analysis & Synthesis was successful. 0 errors, 6 warnings
    Info: Peak virtual memory: 4767 megabytes
    Info: Processing ended: Tue May 05 15:59:32 2020
    Info: Elapsed time: 00:00:19
    Info: Total CPU time (on all processors): 00:00:32


+------------------------------------------+
; Analysis & Synthesis Suppressed Messages ;
+------------------------------------------+
The suppressed messages can be found in C:/intelFPGA_lite/18.1/ECE385/FINAL_PROJECT/Number_reco.map.smsg.


